mysql -h udacity1.cgaixahiwodt.eu-north-1.rds.amazonaws.com -P 3306 -u admin -p
Enter password: 
Welcome to the MySQL monitor.  Commands end with ; or \g.
Your MySQL connection id is 83
Server version: 8.0.17 Source distribution

Copyright (c) 2000, 2018, Oracle and/or its affiliates. All rights reserved.

Oracle is a registered trademark of Oracle Corporation and/or its
affiliates. Other names may be trademarks of their respective
owners.

Type 'help;' or '\h' for help. Type '\c' to clear the current input statement.

mysql> SHOW DATABASES;
+--------------------+
| Database           |
+--------------------+
| information_schema |
| mysql              |
| new                |
| performance_schema |
+--------------------+
4 rows in set (0.00 sec)

mysql> USE new
Database changed
mysql> SHOW TABLES;
Empty set (0.00 sec)

mysql> CREATE TABLE pet(name VARCHAR(100), age INT);
ERROR 1290 (HY000): The MySQL server is running with the --read-only option so it cannot execute this statement
mysql> CREATE TABLE pet(name VARCHAR(100), age INT);
ERROR 2006 (HY000): MySQL server has gone away
No connection. Trying to reconnect...
Connection id:    12
Current database: new

Query OK, 0 rows affected (0.08 sec)

mysql> SHOW TABLES;
+---------------+
| Tables_in_new |
+---------------+
| pet           |
+---------------+
1 row in set (0.00 sec)

mysql> 
